Assuming unrestricted shared filesystem usage.
None
host: iwe546190
Building DAG of jobs...
Using shell: /usr/bin/bash
Provided cores: 4
Rules claiming more threads will be scaled down.
Job stats:
job      count
-----  -------
all          1
relax        1
total        2

Select jobs to execute...
Execute 1 jobs...
[Tue Jul 22 10:45:39 2025]
localrule relax:
    input: /home/iwe14/Documents/test/MERS_INPUT.pdb, /home/iwe14/Documents/test/MERS.symm
    output: /home/iwe14/Documents/test/MERS_relax_test1.sc
    jobid: 1
    reason: Missing output files: /home/iwe14/Documents/test/MERS_relax_test1.sc
    wildcards: sample=MERS
    resources: tmpdir=/tmp
RuleException:
CalledProcessError in file "/home/iwe14/software/vaxpipe/snakefile", line 33:
Command 'set -euo pipefail;  
        relax.mpi.linuxgccrelease           -s /home/iwe14/Documents/test/MERS_INPUT.pdb           -constrain_relax_to_start_coords           -nstruct 1           -out:suffix _test1           -multiple_processes_writing_to_one_directory           -out:prefix relax_           -out:path:all /home/iwe14/Documents/test           -scorefile /home/iwe14/Documents/test/MERS_relax_test1.sc           -symmetry_definition /home/iwe14/Documents/test/MERS.symm' returned non-zero exit status 127.
[Tue Jul 22 10:45:39 2025]
Error in rule relax:
    message: None
    jobid: 1
    input: /home/iwe14/Documents/test/MERS_INPUT.pdb, /home/iwe14/Documents/test/MERS.symm
    output: /home/iwe14/Documents/test/MERS_relax_test1.sc
    shell:
        
        relax.mpi.linuxgccrelease           -s /home/iwe14/Documents/test/MERS_INPUT.pdb           -constrain_relax_to_start_coords           -nstruct 1           -out:suffix _test1           -multiple_processes_writing_to_one_directory           -out:prefix relax_           -out:path:all /home/iwe14/Documents/test           -scorefile /home/iwe14/Documents/test/MERS_relax_test1.sc           -symmetry_definition /home/iwe14/Documents/test/MERS.symm
        
        (command exited with non-zero exit code)
Shutting down, this might take some time.
Exiting because a job execution failed. Look below for error messages
[Tue Jul 22 10:45:39 2025]
Error in rule relax:
    message: None
    jobid: 1
    input: /home/iwe14/Documents/test/MERS_INPUT.pdb, /home/iwe14/Documents/test/MERS.symm
    output: /home/iwe14/Documents/test/MERS_relax_test1.sc
    shell:
        
        relax.mpi.linuxgccrelease           -s /home/iwe14/Documents/test/MERS_INPUT.pdb           -constrain_relax_to_start_coords           -nstruct 1           -out:suffix _test1           -multiple_processes_writing_to_one_directory           -out:prefix relax_           -out:path:all /home/iwe14/Documents/test           -scorefile /home/iwe14/Documents/test/MERS_relax_test1.sc           -symmetry_definition /home/iwe14/Documents/test/MERS.symm
        
        (command exited with non-zero exit code)
Complete log(s): /home/iwe14/software/vaxpipe/.snakemake/log/2025-07-22T104539.708916.snakemake.log
WorkflowError:
At least one job did not complete successfully.
